
> codelearning-frontend@1.0.0 build
> tsc -b && vite build

tsconfig.node.json(10,39): error TS5096: Option 'allowImportingTsExtensions' can only be used when either 'noEmit' or 'emitDeclarationOnly' is set.
src/pages/LessonPage.tsx(627,34): error TS1381: Unexpected token. Did you mean `{'}'}` or `&rbrace;`?
src/pages/LessonPage.tsx(661,17): error TS1005: '}' expected.
