KEYS: getStats, createCourse, updateCourse, deleteCourse, createLesson, updateLesson, deleteLesson, getUsers, getCourses, updateUserRole, toggleUserActive, deleteUser, updateUserLevel, updateUserXp, getAnalytics, broadcastNotification, sendNotification, getAchievements, createAchievement, updateAchievement, deleteAchievement, getSubmissions, clearAllSubmissions, reorderLessons, getUserEnrollments, enrollUser, unenrollUser, getLessonById, generateTestCases, cloneLesson